// Jest Snapshot v1, https://goo.gl/fbAQLP

exports[`modal_actions toggleYesNoModal Dispatches the correct action and payload 1`] = `
Array [
  Object {
    "payload": "SAVE_NOTE",
    "type": "TOGGLE_SAVE_MODAL",
  },
]
`;
