// Jest Snapshot v1, https://goo.gl/fbAQLP

exports[`INITIAL_STATE is correct 1`] = `
Object {
  "showYesNoModal": false,
  "yesNoAction": "NO_ACTION",
}
`;

exports[`TOGGLE_SAVE_MODAL is correct 1`] = `
Object {
  "showYesNoModal": true,
  "yesNoAction": "SAVE_NOTE",
}
`;
